   Compiling govee v0.1.0 ([workspace])
warning: unused `tokio::sync::MappedMutexGuard` that must be used
    --> src/service/state.rs:1596:9
     |
1596 |         state.device_mut(&device.sku, &device.id).await;
     |         ^^^^^^^^^^^^^^^^^^^^^^^^^^^^^^^^^^^^^^^^^^^^^^^
     |
     = note: if unused the Mutex will immediately unlock
     = note: `#[warn(unused_must_use)]` (part of `#[warn(unused)]`) on by default
help: use `let _ = ...` to ignore the resulting value
     |
1596 |         let _ = state.device_mut(&device.sku, &device.id).await;
     |         +++++++

warning: `govee` (bin "govee" test) generated 1 warning
    Finished `test` profile [unoptimized + debuginfo] target(s) in 5.56s
     Running unittests src/main.rs (target/debug/deps/govee-9d5efbfc1c54196e)

running 10 tests
test hass_mqtt::fan::test::regression_fan_missing_platform_client_fails_closed ... ok
test hass_mqtt::fan::test::regression_fan_invalid_power_command_does_not_touch_device ... ok
test hass_mqtt::fan::test::regression_fan_incomplete_metadata_refuses_master_power ... ok
test hass_mqtt::fan::test::regression_fan_generic_master_power_is_unchanged ... ok
test hass_mqtt::fan::test::regression_fan_read_failure_refuses_power_writes ... ok
test hass_mqtt::fan::test::regression_fan_other_models_keep_existing_power_path ... ok
test hass_mqtt::fan::test::regression_fan_restores_even_when_power_response_fails ... ok
test hass_mqtt::fan::test::regression_fan_unknown_nightlight_refuses_power_writes ... ok
test hass_mqtt::fan::test::regression_fan_restoration_failure_is_not_success ... ok
test hass_mqtt::fan::test::regression_fan_power_preserves_fresh_nightlight_for_on_off_and_zero ... ok

successes:

successes:
    hass_mqtt::fan::test::regression_fan_generic_master_power_is_unchanged
    hass_mqtt::fan::test::regression_fan_incomplete_metadata_refuses_master_power
    hass_mqtt::fan::test::regression_fan_invalid_power_command_does_not_touch_device
    hass_mqtt::fan::test::regression_fan_missing_platform_client_fails_closed
    hass_mqtt::fan::test::regression_fan_other_models_keep_existing_power_path
    hass_mqtt::fan::test::regression_fan_power_preserves_fresh_nightlight_for_on_off_and_zero
    hass_mqtt::fan::test::regression_fan_read_failure_refuses_power_writes
    hass_mqtt::fan::test::regression_fan_restoration_failure_is_not_success
    hass_mqtt::fan::test::regression_fan_restores_even_when_power_response_fails
    hass_mqtt::fan::test::regression_fan_unknown_nightlight_refuses_power_writes

test result: ok. 10 passed; 0 failed; 0 ignored; 0 measured; 352 filtered out; finished in 0.04s

